=== реєстратор стартував, база A=1290 B=1044, точок вже 0 ===
[1] ДОЛИВ: A 1290->1150  B 1044->992
     0.5 хв   A=  922.0  B=  907.6  A-B= +14.4
     1.0 хв   A=  940.1  B=  914.9  A-B= +25.3
     1.5 хв   A=  958.9  B=  921.6  A-B= +37.2
     2.0 хв   A=  969.9  B=  924.9  A-B= +45.0
     2.5 хв   A=  979.0  B=  926.0  A-B= +53.0
     3.0 хв   A=  983.2  B=  927.0  A-B= +56.2
     3.5 хв   A=  990.6  B=  928.0  A-B= +62.6
     4.0 хв   A=  994.8  B=  928.1  A-B= +66.6
     4.5 хв   A=  998.5  B=  928.6  A-B= +69.9
     5.0 хв   A= 1001.4  B=  929.2  A-B= +72.2
     5.5 хв   A= 1003.6  B=  929.0  A-B= +74.6
     6.0 хв   A= 1004.0  B=  929.5  A-B= +74.5
     6.5 хв   A= 1006.4  B=  930.5  A-B= +75.9
     7.0 хв   A= 1007.2  B=  929.2  A-B= +78.0
     7.5 хв   A= 1009.0  B=  930.3  A-B= +78.8
     8.0 хв   A= 1010.2  B=  930.5  A-B= +79.7
     8.5 хв   A= 1011.1  B=  930.5  A-B= +80.7
     9.0 хв   A= 1011.9  B=  930.6  A-B= +81.3
     9.5 хв   A= 1013.1  B=  930.8  A-B= +82.4
    10.0 хв   A= 1014.4  B=  931.0  A-B= +83.4
    10.5 хв   A= 1015.7  B=  931.5  A-B= +84.2
    11.0 хв   A= 1016.0  B=  931.5  A-B= +84.5
    11.5 хв   A= 1016.6  B=  931.4  A-B= +85.2
    12.0 хв   A= 1016.8  B=  931.6  A-B= +85.1
    12.5 хв   A= 1016.9  B=  931.6  A-B= +85.2
    13.0 хв   A= 1017.1  B=  931.3  A-B= +85.9
    13.5 хв   A= 1017.3  B=  931.3  A-B= +86.0
    14.0 хв   A= 1017.3  B=  931.0  A-B= +86.3
    14.5 хв   A= 1017.9  B=  931.6  A-B= +86.2
    15.0 хв   A= 1017.6  B=  931.8  A-B= +85.8
[1] ТОЧКА: A=1018 (Δ-273)  B=932 (Δ-113)  A-B=+86
[2] ДОЛИВ: A 1018->917  B 933->906
     0.5 хв   A=  882.5  B=  908.7  A-B= -26.2
     1.0 хв   A=  890.6  B=  911.0  A-B= -20.4
     1.5 хв   A=  893.7  B=  912.0  A-B= -18.2
     2.0 хв   A=  896.4  B=  913.4  A-B= -17.0
     2.5 хв   A=  898.5  B=  914.1  A-B= -15.6
     3.0 хв   A=  899.8  B=  914.6  A-B= -14.9
     3.5 хв   A=  901.6  B=  915.0  A-B= -13.4
     4.0 хв   A=  903.9  B=  915.2  A-B= -11.4
     4.5 хв   A=  905.1  B=  916.0  A-B= -10.9
     5.0 хв   A=  907.5  B=  916.1  A-B=  -8.6
     5.5 хв   A=  909.8  B=  916.0  A-B=  -6.2
     6.0 хв   A=  909.9  B=  916.0  A-B=  -6.2
     6.5 хв   A=  911.9  B=  916.2  A-B=  -4.4
     7.0 хв   A=  913.1  B=  916.3  A-B=  -3.1
     7.5 хв   A=  914.1  B=  916.8  A-B=  -2.6
     8.0 хв   A=  914.5  B=  916.9  A-B=  -2.4
     8.5 хв   A=  915.8  B=  917.6  A-B=  -1.9
     9.0 хв   A=  916.4  B=  918.0  A-B=  -1.6
     9.5 хв   A=  917.5  B=  918.2  A-B=  -0.8
    10.0 хв   A=  918.2  B=  918.8  A-B=  -0.5
    10.5 хв   A=  919.0  B=  918.9  A-B=  +0.1
    11.0 хв   A=  919.9  B=  919.6  A-B=  +0.2
    11.5 хв   A=  920.5  B=  919.6  A-B=  +0.9
    12.0 хв   A=  921.2  B=  919.3  A-B=  +1.9
    12.5 хв   A=  921.8  B=  919.5  A-B=  +2.3
    13.0 хв   A=  922.4  B=  920.5  A-B=  +1.9
    13.5 хв   A=  922.9  B=  920.2  A-B=  +2.6
    14.0 хв   A=  923.6  B=  920.3  A-B=  +3.3
    14.5 хв   A=  923.8  B=  921.0  A-B=  +2.8
    15.0 хв   A=  924.4  B=  920.1  A-B=  +4.2
[2] ТОЧКА: A=924 (Δ-94)  B=921 (Δ-12)  A-B=+3
[3] ДОЛИВ: A 925->865  B 921->900
     0.5 хв   A=  857.8  B=  899.9  A-B= -42.1
     1.0 хв   A=  864.1  B=  900.0  A-B= -35.8
     1.5 хв   A=  867.4  B=  900.8  A-B= -33.4
     2.0 хв   A=  870.5  B=  901.4  A-B= -30.8
     2.5 хв   A=  873.1  B=  902.5  A-B= -29.4
     3.0 хв   A=  875.1  B=  903.0  A-B= -27.8
     3.5 хв   A=  876.0  B=  903.4  A-B= -27.3
     4.0 хв   A=  877.1  B=  904.9  A-B= -27.8
     4.5 хв   A=  879.6  B=  904.0  A-B= -24.3
     5.0 хв   A=  881.1  B=  905.4  A-B= -24.2
     5.5 хв   A=  883.1  B=  905.2  A-B= -22.1
     6.0 хв   A=  884.2  B=  906.5  A-B= -22.2
     6.5 хв   A=  886.2  B=  905.9  A-B= -19.6
     7.0 хв   A=  886.0  B=  906.0  A-B= -20.0
     7.5 хв   A=  886.5  B=  906.8  A-B= -20.3
     8.0 хв   A=  887.8  B=  905.8  A-B= -18.0
     8.5 хв   A=  888.5  B=  907.3  A-B= -18.8
     9.0 хв   A=  888.5  B=  906.9  A-B= -18.4
     9.5 хв   A=  889.1  B=  906.5  A-B= -17.4
